src/components/Footer.tsx(2,10): error TS2305: Module '"lucide-react"' has no exported member 'Instagram'.
src/components/Footer.tsx(2,21): error TS2305: Module '"lucide-react"' has no exported member 'Facebook'.
src/components/Footer.tsx(2,31): error TS2305: Module '"lucide-react"' has no exported member 'Twitter'.
